npm warn deprecated inflight@1.0.6: This module is not supported, and leaks memory. Do not use it. Check out lru-cache if you want a good and tested way to coalesce async requests by a key value, which is much more comprehensive and powerful.
npm warn deprecated glob@7.2.3: Old versions of glob are not supported, and contain widely publicized security vulnerabilities, which have been fixed in the current version. Please update. Support for old versions may be purchased (at exorbitant rates) by contacting i@izs.me
npm warn deprecated whatwg-encoding@3.1.1: Use @exodus/bytes instead for a more spec-conformant and faster implementation
npm warn deprecated paypal-rest-sdk@1.8.1: Package no longer supported. The author suggests using the @paypal/paypal-server-sdk package instead: https://www.npmjs.com/package/@paypal/paypal-server-sdk. Contact Support at https://www.npmjs.com/support for more info.
npm warn deprecated @paypal/checkout-server-sdk@1.0.3: Package no longer supported. The author suggests using the @paypal/paypal-server-sdk package instead: https://www.npmjs.com/package/@paypal/paypal-server-sdk. Contact Support at https://www.npmjs.com/support for more info.
npm warn deprecated uuid@8.3.2: uuid@10 and below is no longer supported.  For ESM codebases, update to uuid@latest.  For CommonJS codebases, use uuid@11 (but be aware this version will likely be deprecated in 2028).
npm warn deprecated glob@10.5.0: Old versions of glob are not supported, and contain widely publicized security vulnerabilities, which have been fixed in the current version. Please update. Support for old versions may be purchased (at exorbitant rates) by contacting i@izs.me
npm warn deprecated glob@10.5.0: Old versions of glob are not supported, and contain widely publicized security vulnerabilities, which have been fixed in the current version. Please update. Support for old versions may be purchased (at exorbitant rates) by contacting i@izs.me
npm warn deprecated glob@10.5.0: Old versions of glob are not supported, and contain widely publicized security vulnerabilities, which have been fixed in the current version. Please update. Support for old versions may be purchased (at exorbitant rates) by contacting i@izs.me
npm warn deprecated recharts@2.15.4: 1.x and 2.x branches are no longer active. Bump to Recharts v3 to receive latest features and bugfixes. See https://github.com/recharts/recharts/wiki/3.0-migration-guide
npm warn cleanup Failed to remove some directories [
npm warn cleanup   [
npm warn cleanup     '\\\\?\\D:\\coding\\trae-project\\solo_sales\\node_modules',
npm warn cleanup     [Error: EPERM: operation not permitted, rmdir 'D:\coding\trae-project\solo_sales\node_modules\@typescript-eslint\eslint-plugin\dist'] {
npm warn cleanup       errno: -4048,
npm warn cleanup       code: 'EPERM',
npm warn cleanup       syscall: 'rmdir',
npm warn cleanup       path: 'D:\\coding\\trae-project\\solo_sales\\node_modules\\@typescript-eslint\\eslint-plugin\\dist'
npm warn cleanup     }
npm warn cleanup   ],
npm warn cleanup   [
npm warn cleanup     '\\\\?\\D:\\coding\\trae-project\\solo_sales\\node_modules\\@headlessui',
npm warn cleanup     [Error: EPERM: operation not permitted, rmdir 'D:\coding\trae-project\solo_sales\node_modules\@headlessui\react\dist\hooks'] {
npm warn cleanup       errno: -4048,
npm warn cleanup       code: 'EPERM',
npm warn cleanup       syscall: 'rmdir',
npm warn cleanup       path: 'D:\\coding\\trae-project\\solo_sales\\node_modules\\@headlessui\\react\\dist\\hooks'
npm warn cleanup     }
npm warn cleanup   ],
npm warn cleanup   [
npm warn cleanup     '\\\\?\\D:\\coding\\trae-project\\solo_sales\\node_modules\\next',
npm warn cleanup     [Error: EPERM: operation not permitted, rmdir 'D:\coding\trae-project\solo_sales\node_modules\next\dist\esm'] {
npm warn cleanup       errno: -4048,
npm warn cleanup       code: 'EPERM',
npm warn cleanup       syscall: 'rmdir',
npm warn cleanup       path: 'D:\\coding\\trae-project\\solo_sales\\node_modules\\next\\dist\\esm'
npm warn cleanup     }
npm warn cleanup   ]
npm warn cleanup ]
npm error code EACCES
npm error syscall spawn C:\WINDOWS\system32\cmd.exe
npm error path D:\coding\trae-project\solo_sales\node_modules\prisma
npm error errno -4092
npm error Error: spawn C:\WINDOWS\system32\cmd.exe EACCES
npm error     at ChildProcess._handle.onexit (node:internal/child_process:286:19)
npm error     at onErrorNT (node:internal/child_process:507:16)
npm error     at process.processTicksAndRejections (node:internal/process/task_queues:90:21) {
npm error   errno: -4092,
npm error   code: 'EACCES',
npm error   syscall: 'spawn C:\\WINDOWS\\system32\\cmd.exe',
npm error   path: 'D:\\coding\\trae-project\\solo_sales\\node_modules\\prisma',
npm error   spawnargs: [ '/d', '/s', '/c', 'node scripts/preinstall-entry.js' ],
npm error   cmd: 'C:\\WINDOWS\\system32\\cmd.exe',
npm error   args: [ '/d', '/s', '/c', 'node scripts/preinstall-entry.js' ],
npm error   stdout: '',
npm error   stderr: '',
npm error   event: 'preinstall',
npm error   script: 'node scripts/preinstall-entry.js',
npm error   pkgid: 'prisma@5.22.0'
npm error }
npm error
npm error The operation was rejected by your operating system.
npm error It's possible that the file was already in use (by a text editor or antivirus),
npm error or that you lack permissions to access it.
npm error
npm error If you believe this might be a permissions issue, please double-check the
npm error permissions of the file and its containing directories, or try running
npm error the command again as root/Administrator.
npm error A complete log of this run can be found in: C:\Users\Devil\AppData\Local\npm-cache\_logs\2026-07-03T02_45_34_253Z-debug-0.log
